== Cliente y servidor de Docker ==
Client:
 Version:           29.7.2
 API version:       1.55
 Go version:        go1.26.5
 Git commit:        a7dcaa6
 Built:             Wed Aug  5 18:27:38 2026
 OS/Arch:           linux/amd64
 Context:           default

Server: Docker Desktop 4.90.0 (238679)
 Engine:
  Version:          29.7.2
  API version:      1.55 (minimum version 1.40)
  Go version:       go1.26.5
  Git commit:       6a43e3d
  Built:            Wed Aug  5 18:28:36 2026
  OS/Arch:          linux/amd64
  Experimental:     false
 containerd:
  Version:          v2.3.3
  GitCommit:        aad11006b869517fcd3009450b6f82da282e1a9b
 runc:
  Version:          1.4.3
  GitCommit:        v1.4.3-0-gbb14dabe
 docker-init:
  Version:          0.19.0
  GitCommit:        de40ad0

== Prueba real: crear, ejecutar y eliminar un contenedor ==

Hello from Docker!
This message shows that your installation appears to be working correctly.

To generate this message, Docker took the following steps:
 1. The Docker client contacted the Docker daemon.
 2. The Docker daemon pulled the "hello-world" image from the Docker Hub.
    (amd64)
 3. The Docker daemon created a new container from that image which runs the
    executable that produces the output you are currently reading.
 4. The Docker daemon streamed that output to the Docker client, which sent it
    to your terminal.

To try something more ambitious, you can run an Ubuntu container with:
 $ docker run -it ubuntu bash

Share images, automate workflows, and more with a free Docker ID:
 https://hub.docker.com/

For more examples and ideas, visit:
 https://docs.docker.com/get-started/

